// Jest Snapshot v1, https://goo.gl/fbAQLP

exports[`<LoadingIndicator /> should match the snapshot 1`] = `
.c0 {
  margin: 2em auto;
  position: relative;
}

<div
  className="c0"
>
  <div
    className="MuiLinearProgress-root-1 MuiLinearProgress-colorPrimary-2"
    role="progressbar"
  >
    <div
      className="MuiLinearProgress-bar-9 MuiLinearProgress-barColorPrimary-10 MuiLinearProgress-bar1Indeterminate-12"
      style={Object {}}
    />
    <div
      className="MuiLinearProgress-bar-9 MuiLinearProgress-barColorPrimary-10 MuiLinearProgress-bar2Indeterminate-15"
      style={Object {}}
    />
  </div>
</div>
`;
